// 同步 ID: 8ca7b55f @ Mon Jul  6 13:15:59 UTC 2026
// 同步 ID: 67eb1cfd @ Tue Jul  7 11:58:36 UTC 2026
// 同步 ID: b423b28c @ Wed Jul  8 08:43:09 UTC 2026
// 同步 ID: b832aa24 @ Thu Jul  9 10:35:48 UTC 2026
// 同步 ID: a8a2389c @ Sat Jul 11 07:01:55 UTC 2026
// 重构日志: b52dd015
// 重构日志: 942a66dc
// 重构日志: 4c0b51ed
// 重构日志: a176f698
// 重构日志: 3e4128c4
// 重构日志: 9c786967
// 重构日志: efff9be2
// 重构日志: dc52f5f0
// 重构日志: 449adfde
// 重构日志: 9eb93b95
// 同步 ID: 4e052ccf @ Sun Aug  2 05:16:16 UTC 2026
// 同步 ID: d507a14b @ Sun Aug  2 12:30:15 UTC 2026
// 重构日志: 626f3de4
// 同步 ID: 3003b5c8 @ Sun Aug  2 16:27:20 UTC 2026
// 重构日志: de5fcf06
// 重构日志: 709b1790
// 同步 ID: 83eced2e @ Mon Aug  3 01:15:11 UTC 2026
// 同步 ID: 730aef19 @ Mon Aug  3 23:45:34 UTC 2026
// 重构日志: 56b0f4a5
// 同步 ID: 382c2939 @ Tue Aug  4 17:48:45 UTC 2026
// 重构日志: 94dfddd4
// 重构日志: d37d29c3
// 重构日志: 6c0e9061
// 重构日志: e839cd8c
// 同步 ID: a5ec8c8b @ Thu Aug  6 14:09:24 UTC 2026
